[likely-story.co.uk/index.html]
[backblue.gif]
[fade.gif]
[index.html]
[likely-story.co.uk/wp-includes/css/dist/block-library/style.mine63c.css]
[likely-story.co.uk/wp-content/plugins/contact-form-7/includes/css/styles9bd2.css]
[likely-story.co.uk/home/feed/index.html]
[likely-story.co.uk/wp-content/themes/Likely Story/stylee63c.css]
[likely-story.co.uk/wp-includes/js/jquery/jquery.minf43b.js]
[likely-story.co.uk/wp-content/themes/Likely Story/dist/css/main4e44.css]
[likely-story.co.uk/wp-includes/js/jquery/jquery-migrate.min5589.js]
[likely-story.co.uk/wp-json/wp/v2/pages/2.json]
[likely-story.co.uk/wp-json/index.html]
[likely-story.co.uk/xmlrpc0db0.php]
[likely-story.co.uk/wp-json/oembed/1.0/embed9be8.json]
[likely-story.co.uk/wp-json/oembed/1.0/embed76bf]
[www.google-analytics.com/analytics.js]
[likely-story.co.uk/wp-content/uploads/2022/01/cropped-ls-new-fav@2x-32x32.png]
[likely-story.co.uk/wp-content/uploads/2022/01/cropped-ls-new-fav@2x-192x192.png]
[likely-story.co.uk/wp-content/uploads/2022/01/cropped-ls-new-fav@2x-180x180.png]
[likely-story.co.uk/wp-content/themes/Likely Story/dist/images/shapes/hero-shape.png]
[likely-story.co.uk/wp-content/themes/Likely Story/dist/images/shapes/hero-main.png]
[likely-story.co.uk/wp-content/themes/Likely Story/dist/images/shapes/hero-main-blink.png]
[likely-story.co.uk/about/index.html]
[likely-story.co.uk/projects/index.html]
[likely-story.co.uk/wp-content/uploads/2024/05/cover-620x768.jpg]
[likely-story.co.uk/wp-content/uploads/2023/09/cover-620x768.jpg]
[likely-story.co.uk/contact/index.html]
[likely-story.co.uk/projects/askonas-holt/index.html]
[likely-story.co.uk/projects/bertch-capital/index.html]
[likely-story.co.uk/wp-content/uploads/2023/02/OR-Cover-2-620x768.png]
[likely-story.co.uk/projects/our-revolution/index.html]
[likely-story.co.uk/wp-content/uploads/2021/03/cover-1-620x768.jpg]
[likely-story.co.uk/wp-content/uploads/2022/05/TEG-Cover@2x-620x768.jpg]
[likely-story.co.uk/projects/novo/index.html]
[likely-story.co.uk/wp-content/uploads/2021/11/SMILE-COVER-–-2-copy-620x768.jpg]
[likely-story.co.uk/wp-content/uploads/2021/10/home-cta-illy@2x-1006x1440.png]
[c.sproutvideo.com/player_api.js]
[likely-story.co.uk/projects/the-edwin-group/index.html]
[likely-story.co.uk/wp-content/plugins/contact-form-7/includes/swv/js/index9bd2.js]
[likely-story.co.uk/projects/smile-kitchens/index.html]
[likely-story.co.uk/wp-content/plugins/contact-form-7/includes/js/index9bd2.js]
[likely-story.co.uk/privacy-policy/index.html]
[likely-story.co.uk/wp-content/themes/Likely Story/dist/js/main4e44.js]
[likely-story.co.uk/wp-content/themes/Likely Story/dist/images/cta.png]
[likely-story.co.uk/wp-content/themes/Likely Story/dist/images/cta-hat.png]
[likely-story.co.uk/index.html]
[likely-story.co.uk/xmlrpc.php]
[likely-story.co.uk/wp-includes/css/dist/block-library/style.mine63c.css]
[likely-story.co.uk/wp-content/plugins/contact-form-7/includes/css/styles9bd2.css]
[likely-story.co.uk/wp-content/themes/Likely Story/stylee63c.css]
[likely-story.co.uk/wp-content/themes/Likely Story/dist/css/main4e44.css]
[likely-story.co.uk/wp-json/wp/v2/pages/12.json]
[likely-story.co.uk/wp-json/oembed/1.0/embed1ee1.json]
[likely-story.co.uk/wp-json/oembed/1.0/embedf84f]
[likely-story.co.uk/wp-content/themes/Likely Story/dist/images/shapes/hero-alt.png]
[likely-story.co.uk/wp-content/themes/Likely Story/dist/images/shapes/hero-alt-blink.png]
[likely-story.co.uk/about/index.html]
[likely-story.co.uk/wp-json/wp/v2/pages/14.json]
[likely-story.co.uk/wp-json/oembed/1.0/embedd913.json]
[likely-story.co.uk/wp-json/oembed/1.0/embed3208]
[likely-story.co.uk/wp-content/uploads/2021/08/Browns-Cover-01-1-620x768.png]
[likely-story.co.uk/projects/index.html]
[likely-story.co.uk/wp-json/oembed/1.0/embed5948.json]
[likely-story.co.uk/wp-json/oembed/1.0/embed5bd7]
[likely-story.co.uk/contact/index.html]
[likely-story.co.uk/wp-content/uploads/2021/07/showreel-cover.svg]
[likely-story.co.uk/wp-content/uploads/2024/05/cover.jpg]
[likely-story.co.uk/wp-json/wp/v2/work/741.json]
[likely-story.co.uk/wp-json/oembed/1.0/embed3962.json]
[likely-story.co.uk/wp-json/oembed/1.0/embed1435]
[likely-story.co.uk/wp-content/uploads/2024/05/2-scaled.jpg]
[likely-story.co.uk/wp-content/uploads/2024/05/3-scaled.jpg]
[likely-story.co.uk/wp-content/uploads/2024/05/4-scaled.jpg]
[likely-story.co.uk/wp-content/uploads/2024/05/5.jpg]
[likely-story.co.uk/wp-content/uploads/2024/05/6.jpg]
[likely-story.co.uk/wp-content/uploads/2024/05/7.jpg]
[likely-story.co.uk/wp-content/uploads/2024/05/8.jpg]
[likely-story.co.uk/wp-content/uploads/2024/05/9.jpg]
[likely-story.co.uk/wp-content/uploads/2024/05/10.jpg]
[likely-story.co.uk/wp-content/uploads/2024/05/11-scaled.jpg]
[likely-story.co.uk/wp-content/uploads/2024/05/Group-427319937-scaled.jpg]
[likely-story.co.uk/wp-content/uploads/2024/05/Group-427319939-scaled.jpg]
[likely-story.co.uk/projects/askonas-holt/index.html]
[player.vimeo.com/api/player.js]
[likely-story.co.uk/wp-content/uploads/2023/09/cover.jpg]
[likely-story.co.uk/wp-json/wp/v2/work/704.json]
[likely-story.co.uk/wp-json/oembed/1.0/embed5cce.json]
[likely-story.co.uk/wp-json/oembed/1.0/embed1c79]
[likely-story.co.uk/wp-content/uploads/2023/09/1-scaled.jpg]
[likely-story.co.uk/wp-content/uploads/2023/09/2.jpg]
[likely-story.co.uk/wp-content/uploads/2023/09/3.jpg]
[likely-story.co.uk/wp-content/uploads/2023/09/4.jpg]
[likely-story.co.uk/wp-content/uploads/2023/09/5.jpg]
[likely-story.co.uk/wp-content/uploads/2023/09/6-scaled.jpg]
[likely-story.co.uk/projects/bertch-capital/index.html]
[likely-story.co.uk/wp-content/uploads/2023/02/OR-Cover-2.png]
[likely-story.co.uk/wp-json/wp/v2/work/678.json]
[likely-story.co.uk/wp-json/oembed/1.0/embed6723.json]
[likely-story.co.uk/wp-json/oembed/1.0/embedeebd]
[likely-story.co.uk/wp-content/uploads/2023/02/Awwwards-1-optsgl.mp4]
[likely-story.co.uk/wp-content/uploads/2023/02/Frame-427320452-1.jpg]
[likely-story.co.uk/wp-content/uploads/2023/02/3.jpg]
[likely-story.co.uk/wp-content/uploads/2023/02/4.jpg]
[likely-story.co.uk/wp-content/uploads/2023/02/5.jpg]
[likely-story.co.uk/wp-content/uploads/2023/02/6.jpg]
[likely-story.co.uk/wp-content/uploads/2023/02/7.jpg]
[likely-story.co.uk/wp-content/uploads/2023/02/8.jpg]
[likely-story.co.uk/wp-content/uploads/2023/02/9.jpg]
[likely-story.co.uk/wp-content/uploads/2023/02/10s.mp4]
[likely-story.co.uk/wp-content/uploads/2023/02/11.jpg]
[likely-story.co.uk/wp-content/uploads/2023/02/12.jpg]
[likely-story.co.uk/wp-content/uploads/2023/02/13.jpg]
[likely-story.co.uk/wp-content/uploads/2023/02/14.jpg]
[likely-story.co.uk/wp-content/uploads/2023/02/Awwwards-4-optsgl.mp4]
[likely-story.co.uk/wp-content/uploads/2023/02/16.jpg]
[likely-story.co.uk/wp-content/uploads/2023/02/17.jpg]
[likely-story.co.uk/wp-content/uploads/2023/02/18.jpg]
[likely-story.co.uk/wp-content/uploads/2023/02/19.jpg]
[likely-story.co.uk/wp-content/uploads/2023/02/OR-Portfolio-–-25-2-scaled.jpg]
[likely-story.co.uk/wp-content/uploads/2023/02/21-scaled.jpg]
[likely-story.co.uk/projects/our-revolution/index.html]
[likely-story.co.uk/wp-content/uploads/2021/03/cover-1.jpg]
[likely-story.co.uk/wp-json/wp/v2/work/44.json]
[likely-story.co.uk/wp-json/oembed/1.0/embed5c54.json]
[likely-story.co.uk/wp-json/oembed/1.0/embedc622]
[likely-story.co.uk/wp-content/uploads/2021/03/2-Novo-IOS-Close-1.jpg]
[likely-story.co.uk/wp-content/uploads/2021/03/3-Group-396.jpg]
[likely-story.co.uk/wp-content/uploads/2021/03/4-Novo-03-1.jpg]
[likely-story.co.uk/wp-content/uploads/2021/03/5-Macbook-Pro-03-Standard-Mockup-copy-1.jpg]
[likely-story.co.uk/wp-content/uploads/2021/03/6-novo-mock-1-1-scaled.jpg]
[likely-story.co.uk/wp-content/uploads/2021/03/Group-3092-scaled.jpg]
[likely-story.co.uk/wp-content/uploads/2021/03/9-Novo-Billboard-Mock-14-1.jpg]
[likely-story.co.uk/wp-content/uploads/2021/03/10-ARTD-C05-Device-049-1-1.jpg]
[likely-story.co.uk/projects/novo/index.html]
[likely-story.co.uk/wp-content/uploads/2022/05/TEG-Cover@2x-scaled.jpg]
[likely-story.co.uk/wp-json/wp/v2/work/571.json]
[likely-story.co.uk/wp-json/oembed/1.0/embed26fd.json]
[likely-story.co.uk/wp-json/oembed/1.0/embed5715]
[likely-story.co.uk/wp-content/uploads/2022/05/Edwin-2022-–-1-–-1.png]
[likely-story.co.uk/wp-content/uploads/2022/05/Edwin-2022-–-2.jpg]
[likely-story.co.uk/wp-content/uploads/2022/05/Edwin-2022-–-3.png]
[likely-story.co.uk/wp-content/uploads/2022/05/Edwin-2022-–-4.png]
[likely-story.co.uk/wp-content/uploads/2022/05/Edwin-2022-–-5.jpg]
[likely-story.co.uk/wp-content/uploads/2022/05/Edwin-2022-–-6.jpg]
[likely-story.co.uk/wp-content/uploads/2022/05/Edwin-2022-–-7.png]
[likely-story.co.uk/wp-content/uploads/2022/05/Edwin-2022-–-8.png]
[likely-story.co.uk/wp-content/uploads/2022/05/Edwin-2022-–-9.png]
[likely-story.co.uk/wp-content/uploads/2022/05/Edwin-2022-–-10.jpg]
[likely-story.co.uk/projects/the-edwin-group/index.html]
[likely-story.co.uk/wp-content/uploads/2021/11/SMILE-COVER-–-2-copy-scaled.jpg]
[likely-story.co.uk/wp-json/wp/v2/work/349.json]
[likely-story.co.uk/wp-json/oembed/1.0/embed1135.json]
[likely-story.co.uk/wp-json/oembed/1.0/embed75cd]
[likely-story.co.uk/wp-content/uploads/2021/11/1-copy3-1.png]
[likely-story.co.uk/wp-content/uploads/2021/11/2.png]
[likely-story.co.uk/wp-content/uploads/2021/11/3.png]
[likely-story.co.uk/wp-content/uploads/2021/11/4.png]
[likely-story.co.uk/wp-content/uploads/2021/11/5.png]
[likely-story.co.uk/wp-content/uploads/2021/11/6.png]
[likely-story.co.uk/wp-content/uploads/2021/11/7.png]
[likely-story.co.uk/wp-content/uploads/2021/11/8.png]
[likely-story.co.uk/wp-content/uploads/2021/11/9.png]
[likely-story.co.uk/projects/smile-kitchens/index.html]
[likely-story.co.uk/wp-content/themes/Likely Story/dist/images/logo.svg]
[likely-story.co.uk/wp-content/themes/Likely Story/dist/images/sprite.svg]
[likely-story.co.uk/wp-json/wp/v2/pages/3.json]
[likely-story.co.uk/wp-json/oembed/1.0/embedd738.json]
[likely-story.co.uk/wp-json/oembed/1.0/embedf25c]
[likely-story.co.uk/privacy-policy/index.html]
[likely-story.co.uk/index678b.html]
[likely-story.co.uk/index0b69.html]
[likely-story.co.uk/wp-content/uploads/2021/05/LS-Bio-02@2x-1440x1440.png]
[likely-story.co.uk/wp-content/uploads/2021/05/about-cta-illy@2x-1006x1440.png]
[likely-story.co.uk/wp-content/uploads/2021/05/LS-Bio-01@2x-1440x1440.png]
[likely-story.co.uk/projects/brown-opticians/index.html]
[likely-story.co.uk/wp-content/uploads/2021/08/Browns-Cover-01-1-620x768.png]
[likely-story.co.uk/wp-content/uploads/2021/04/YT-Cover-01-1-620x768.png]
[likely-story.co.uk/projects/yellow-telescope/index.html]
[likely-story.co.uk/index0e62.html]
[likely-story.co.uk/index00c2.html]
[likely-story.co.uk/index5d09.html]
[likely-story.co.uk/indexc5e7.html]
[likely-story.co.uk/index49b1.html]
[likely-story.co.uk/index62bf.html]
[likely-story.co.uk/index601c.html]
[likely-story.co.uk/index2207.html]
[likely-story.co.uk/wp-json/wp/v2/pages/16]
[likely-story.co.uk/wp-content/uploads/2021/08/Browns-Cover-01-1.png]
[likely-story.co.uk/wp-json/wp/v2/work/318.json]
[likely-story.co.uk/wp-json/oembed/1.0/embed9678.json]
[likely-story.co.uk/wp-json/oembed/1.0/embed746f]
[likely-story.co.uk/wp-content/uploads/2021/08/Browns-–-1.jpg]
[likely-story.co.uk/wp-content/uploads/2021/08/Browns-–-2.jpg]
[likely-story.co.uk/wp-content/uploads/2021/08/Browns-–-3.jpg]
[likely-story.co.uk/wp-content/uploads/2021/08/Browns-–-4.jpg]
[likely-story.co.uk/wp-content/uploads/2021/08/Browns-–-5.jpg]
[likely-story.co.uk/wp-content/uploads/2021/08/Browns-–-6.jpg]
[likely-story.co.uk/wp-content/uploads/2021/08/Browns-–-7.jpg]
[likely-story.co.uk/projects/brown-opticians/index.html]
[likely-story.co.uk/wp-content/uploads/2021/04/YT-Cover-01-1.png]
[likely-story.co.uk/wp-json/wp/v2/work/124.json]
[likely-story.co.uk/wp-json/oembed/1.0/embed19ad.json]
[likely-story.co.uk/wp-json/oembed/1.0/embed68c6]
[likely-story.co.uk/wp-content/uploads/2021/04/YT_Frame_01_01-1@2x.png]
[likely-story.co.uk/wp-content/uploads/2021/04/YT-Full-Width-05@2x.png]
[likely-story.co.uk/wp-content/uploads/2021/04/YT-Half-Width-06@2x.png]
[likely-story.co.uk/wp-content/uploads/2021/04/YT-Half-Width-07@2x.png]
[likely-story.co.uk/wp-content/uploads/2021/04/YT-Half-Width-12@2x.png]
[likely-story.co.uk/wp-content/uploads/2021/04/YT-Half-Width-11@2x.png]
[likely-story.co.uk/wp-content/uploads/2021/04/YT-Home-2021-02@2x-copy.jpg]
[likely-story.co.uk/wp-content/uploads/2021/04/YT-Half-Width-01.png]
[likely-story.co.uk/wp-content/uploads/2021/04/YT-Full-Width-02@2x.png]
[likely-story.co.uk/wp-content/uploads/2021/04/YT-Full-Width-01.png]
[likely-story.co.uk/projects/yellow-telescope/index.html]
[likely-story.co.uk/indexcb8c.html]
[likely-story.co.uk/indexd4a6.html]
